{"time": "2026-09-29 17:25:12", "level": "INFO", "logger": "__main__", "message": "============================================================"}
{"time": "2026-09-29 17:25:12", "level": "INFO", "logger": "__main__", "message": "Video Surveillance Pipeline starting"}
{"time": "2026-09-29 17:25:12", "level": "INFO", "logger": "__main__", "message": "Video: ..\\data\\clips\\school_g330.mp4 | Zones: ..\\data\\zones\\school_g330.zones.json | Output: ..\\outputs\\school_g330"}
{"time": "2026-09-29 17:25:12", "level": "INFO", "logger": "__main__", "message": "Device: cpu"}
{"time": "2026-09-29 17:25:12", "level": "INFO", "logger": "__main__", "message": "============================================================"}
{"time": "2026-09-29 17:25:12", "level": "INFO", "logger": "utils.video_io", "message": "Opened school_g330.mp4: 480x360 @ 30.00 fps (~2254 frames)"}
{"time": "2026-09-29 17:25:12", "level": "INFO", "logger": "detectors.yolo_detector", "message": "Loading yolov8n.pt on cpu (half=False)"}
{"time": "2026-09-29 17:25:22", "level": "INFO", "logger": "utils.video_io", "message": "school_g330.mp4: read=0 skipped=0 dropped=0"}
{"time": "2026-09-29 17:25:22", "level": "ERROR", "logger": "__main__", "message": "Unexpected error: No module named 'pkg_resources'", "exc_info": "Traceback (most recent call last):\n  File \"C:\\Users\\madhu\\OneDrive\\Desktop\\Quanteon Solutions- Assignment\\video-surveillance\\src\\run.py\", line 152, in main\n    pipeline = build_pipeline(config, publisher, video_size=reader.info.size)\n  File \"C:\\Users\\madhu\\OneDrive\\Desktop\\Quanteon Solutions- Assignment\\video-surveillance\\src\\run.py\", line 98, in build_pipeline\n    tracker = create_tracker(config.tracker.name, **config.tracker.as_kwargs())\n  File \"C:\\Users\\madhu\\OneDrive\\Desktop\\Quanteon Solutions- Assignment\\video-surveillance\\src\\trackers\\factory.py\", line 29, in create_tracker\n    return cls(**kwargs)\n  File \"C:\\Users\\madhu\\OneDrive\\Desktop\\Quanteon Solutions- Assignment\\video-surveillance\\src\\trackers\\deepsort_tracker.py\", line 60, in __init__\n    self._tracker = self._build()\n                    ~~~~~~~~~~~^^\n  File \"C:\\Users\\madhu\\OneDrive\\Desktop\\Quanteon Solutions- Assignment\\video-surveillance\\src\\trackers\\deepsort_tracker.py\", line 64, in _build\n    return DeepSort(\n        embedder=self._embedder,\n    ...<3 lines>...\n        **self._params,\n    )\n  File \"C:\\Users\\madhu\\OneDrive\\Desktop\\Quanteon Solutions- Assignment\\video-surveillance\\.venv\\Lib\\site-packages\\deep_sort_realtime\\deepsort_tracker.py\", line 104, in __init__\n    from deep_sort_realtime.embedder.embedder_pytorch import (\n        MobileNetv2_Embedder as Embedder,\n    )\n  File \"C:\\Users\\madhu\\OneDrive\\Desktop\\Quanteon Solutions- Assignment\\video-surveillance\\.venv\\Lib\\site-packages\\deep_sort_realtime\\embedder\\embedder_pytorch.py\", line 6, in <module>\n    import pkg_resources\nModuleNotFoundError: No module named 'pkg_resources'"}
{"time": "2026-09-29 17:34:57", "level": "INFO", "logger": "__main__", "message": "============================================================"}
{"time": "2026-09-29 17:34:57", "level": "INFO", "logger": "__main__", "message": "Video Surveillance Pipeline starting"}
{"time": "2026-09-29 17:34:57", "level": "INFO", "logger": "__main__", "message": "Video: ..\\data\\clips\\school_g330.mp4 | Zones: ..\\data\\zones\\school_g330.zones.json | Output: ..\\outputs\\school_g330"}
{"time": "2026-09-29 17:34:57", "level": "INFO", "logger": "__main__", "message": "Device: cpu"}
{"time": "2026-09-29 17:34:57", "level": "INFO", "logger": "__main__", "message": "============================================================"}
{"time": "2026-09-29 17:34:57", "level": "INFO", "logger": "utils.video_io", "message": "Opened school_g330.mp4: 480x360 @ 30.00 fps (~2254 frames)"}
{"time": "2026-09-29 17:34:57", "level": "INFO", "logger": "detectors.yolo_detector", "message": "Loading yolov8n.pt on cpu (half=False)"}
{"time": "2026-09-29 17:35:05", "level": "INFO", "logger": "deep_sort_realtime.embedder.embedder_pytorch", "message": "MobileNetV2 Embedder for Deep Sort initialised"}
{"time": "2026-09-29 17:35:05", "level": "INFO", "logger": "deep_sort_realtime.embedder.embedder_pytorch", "message": "- gpu enabled: False"}
{"time": "2026-09-29 17:35:05", "level": "INFO", "logger": "deep_sort_realtime.embedder.embedder_pytorch", "message": "- half precision: False"}
{"time": "2026-09-29 17:35:05", "level": "INFO", "logger": "deep_sort_realtime.embedder.embedder_pytorch", "message": "- max batch size: 16"}
{"time": "2026-09-29 17:35:05", "level": "INFO", "logger": "deep_sort_realtime.embedder.embedder_pytorch", "message": "- expects BGR: True"}
{"time": "2026-09-29 17:35:05", "level": "INFO", "logger": "deep_sort_realtime.deepsort_tracker", "message": "DeepSort Tracker initialised"}
{"time": "2026-09-29 17:35:05", "level": "INFO", "logger": "deep_sort_realtime.deepsort_tracker", "message": "- max age: 90"}
{"time": "2026-09-29 17:35:05", "level": "INFO", "logger": "deep_sort_realtime.deepsort_tracker", "message": "- appearance threshold: 0.3"}
{"time": "2026-09-29 17:35:05", "level": "INFO", "logger": "deep_sort_realtime.deepsort_tracker", "message": "- nms threshold: 0.7"}
{"time": "2026-09-29 17:35:05", "level": "INFO", "logger": "deep_sort_realtime.deepsort_tracker", "message": "- max num of appearance features: 100"}
{"time": "2026-09-29 17:35:05", "level": "INFO", "logger": "deep_sort_realtime.deepsort_tracker", "message": "- overriding track class : No"}
{"time": "2026-09-29 17:35:05", "level": "INFO", "logger": "deep_sort_realtime.deepsort_tracker", "message": "- today given : No"}
{"time": "2026-09-29 17:35:05", "level": "INFO", "logger": "deep_sort_realtime.deepsort_tracker", "message": "- in-build embedder : Yes"}
{"time": "2026-09-29 17:35:05", "level": "INFO", "logger": "deep_sort_realtime.deepsort_tracker", "message": "- polygon detections : No"}
{"time": "2026-09-29 17:35:05", "level": "INFO", "logger": "trackers.deepsort_tracker", "message": "DeepSORT ready (embedder=mobilenet, gpu=False, {'max_age': 90, 'n_init': 3, 'max_cosine_distance': 0.3, 'nn_budget': 100, 'nms_max_overlap': 0.7})"}
{"time": "2026-09-29 17:35:05", "level": "INFO", "logger": "events.zones", "message": "Loaded 2 zone(s) from ..\\data\\zones\\school_g330.zones.json (normalized coordinates)"}
{"time": "2026-09-29 17:35:05", "level": "INFO", "logger": "__main__", "message": "Detector: yolov8 (weights=yolov8n.pt, conf=0.35)"}
{"time": "2026-09-29 17:35:05", "level": "INFO", "logger": "__main__", "message": "Tracker: deepsort"}
{"time": "2026-09-29 17:35:05", "level": "INFO", "logger": "__main__", "message": "Zones: Registration Desk[registration_desk], Seating Area[seating_area]"}
{"time": "2026-09-29 17:35:36", "level": "WARNING", "logger": "events.observers", "message": "ALERT zone_intrusion zone=registration_desk track=4 frame=44 t=00:00:01.467 conf=0.39"}
{"time": "2026-09-29 17:35:57", "level": "WARNING", "logger": "events.observers", "message": "ALERT zone_intrusion zone=registration_desk track=8 frame=81 t=00:00:02.700 conf=0.53"}
{"time": "2026-09-29 17:36:46", "level": "INFO", "logger": "pipeline.pipeline", "message": "Processed 200 frames (2.0 fps, 2 events so far)"}
{"time": "2026-09-29 17:37:39", "level": "WARNING", "logger": "events.observers", "message": "ALERT loitering      zone=seating_area track=7 frame=341 t=00:00:11.367 conf=0.42"}
{"time": "2026-09-29 17:37:42", "level": "WARNING", "logger": "events.observers", "message": "ALERT zone_intrusion zone=registration_desk track=4 frame=346 t=00:00:11.533 conf=0.42"}
{"time": "2026-09-29 17:38:16", "level": "WARNING", "logger": "events.observers", "message": "ALERT loitering      zone=seating_area track=8 frame=396 t=00:00:13.200 conf=0.49"}
{"time": "2026-09-29 17:38:18", "level": "INFO", "logger": "pipeline.pipeline", "message": "Processed 400 frames (2.1 fps, 5 events so far)"}
{"time": "2026-09-29 17:39:52", "level": "INFO", "logger": "pipeline.pipeline", "message": "Processed 600 frames (2.1 fps, 5 events so far)"}
{"time": "2026-09-29 17:40:17", "level": "WARNING", "logger": "events.observers", "message": "ALERT loitering      zone=seating_area track=31 frame=674 t=00:00:22.467 conf=0.47"}
{"time": "2026-09-29 17:40:46", "level": "WARNING", "logger": "events.observers", "message": "ALERT loitering      zone=seating_area track=16 frame=744 t=00:00:24.800 conf=0.47"}
{"time": "2026-09-29 17:40:48", "level": "WARNING", "logger": "events.observers", "message": "ALERT zone_intrusion zone=registration_desk track=36 frame=750 t=00:00:25.000 conf=0.56"}
{"time": "2026-09-29 17:41:02", "level": "WARNING", "logger": "events.observers", "message": "ALERT loitering      zone=seating_area track=30 frame=775 t=00:00:25.833 conf=0.44"}
{"time": "2026-09-29 17:41:14", "level": "INFO", "logger": "pipeline.pipeline", "message": "Processed 800 frames (2.2 fps, 9 events so far)"}
{"time": "2026-09-29 17:42:03", "level": "WARNING", "logger": "events.observers", "message": "ALERT zone_intrusion zone=registration_desk track=43 frame=907 t=00:00:30.233 conf=0.43"}
{"time": "2026-09-29 17:42:48", "level": "INFO", "logger": "pipeline.pipeline", "message": "Processed 1000 frames (2.2 fps, 10 events so far)"}
{"time": "2026-09-29 17:43:47", "level": "INFO", "logger": "pipeline.pipeline", "message": "Processed 1200 frames (2.3 fps, 10 events so far)"}
{"time": "2026-09-29 17:44:02", "level": "WARNING", "logger": "events.observers", "message": "ALERT loitering      zone=seating_area track=46 frame=1239 t=00:00:41.300 conf=0.37"}
{"time": "2026-09-29 17:44:05", "level": "WARNING", "logger": "events.observers", "message": "ALERT loitering      zone=seating_area track=16 frame=1245 t=00:00:41.500 conf=0.52"}
{"time": "2026-09-29 17:44:26", "level": "WARNING", "logger": "events.observers", "message": "ALERT loitering      zone=seating_area track=60 frame=1285 t=00:00:42.833 conf=0.41"}
{"time": "2026-09-29 17:45:27", "level": "INFO", "logger": "pipeline.pipeline", "message": "Processed 1400 frames (2.2 fps, 13 events so far)"}
{"time": "2026-09-29 17:45:53", "level": "WARNING", "logger": "events.observers", "message": "ALERT zone_intrusion zone=registration_desk track=59 frame=1458 t=00:00:48.600 conf=0.42"}
{"time": "2026-09-29 17:46:07", "level": "WARNING", "logger": "events.observers", "message": "ALERT zone_intrusion zone=registration_desk track=65 frame=1498 t=00:00:49.933 conf=0.50"}
{"time": "2026-09-29 17:46:29", "level": "INFO", "logger": "pipeline.pipeline", "message": "Processed 1600 frames (2.3 fps, 15 events so far)"}
{"time": "2026-09-29 17:46:51", "level": "WARNING", "logger": "events.observers", "message": "ALERT loitering      zone=seating_area track=65 frame=1669 t=00:00:55.633 conf=0.43"}
{"time": "2026-09-29 17:47:31", "level": "WARNING", "logger": "events.observers", "message": "ALERT loitering      zone=seating_area track=80 frame=1768 t=00:00:58.933 conf=0.37"}
{"time": "2026-09-29 17:47:43", "level": "INFO", "logger": "pipeline.pipeline", "message": "Processed 1800 frames (2.4 fps, 17 events so far)"}
{"time": "2026-09-29 17:48:11", "level": "WARNING", "logger": "events.observers", "message": "ALERT zone_intrusion zone=registration_desk track=65 frame=1858 t=00:01:01.933 conf=0.37"}
{"time": "2026-09-29 17:49:38", "level": "INFO", "logger": "pipeline.pipeline", "message": "Processed 2000 frames (2.3 fps, 18 events so far)"}
{"time": "2026-09-29 17:49:57", "level": "WARNING", "logger": "events.observers", "message": "ALERT zone_intrusion zone=registration_desk track=87 frame=2058 t=00:01:08.600 conf=0.44"}
{"time": "2026-09-29 17:50:41", "level": "INFO", "logger": "pipeline.pipeline", "message": "Processed 2200 frames (2.3 fps, 19 events so far)"}
{"time": "2026-09-29 17:50:47", "level": "WARNING", "logger": "events.observers", "message": "ALERT zone_intrusion zone=registration_desk track=88 frame=2224 t=00:01:14.133 conf=0.45"}
{"time": "2026-09-29 17:50:54", "level": "INFO", "logger": "utils.video_io", "message": "Stopping after 30 consecutive failed reads (likely end of stream, at frame 2283)"}
{"time": "2026-09-29 17:50:54", "level": "INFO", "logger": "utils.video_io", "message": "Wrote 2254 frames to ..\\outputs\\school_g330\\annotated.mp4 (codec=mp4v)"}
{"time": "2026-09-29 17:50:54", "level": "INFO", "logger": "utils.video_io", "message": "school_g330.mp4: read=2254 skipped=0 dropped=30"}
{"time": "2026-09-29 17:50:54", "level": "INFO", "logger": "__main__", "message": "============================================================"}
{"time": "2026-09-29 17:50:54", "level": "INFO", "logger": "__main__", "message": "Run complete: 2254 frames in 949.4s (2.4 fps avg)"}
{"time": "2026-09-29 17:50:54", "level": "INFO", "logger": "__main__", "message": "Events: 20 total {'zone_intrusion': 10, 'loitering': 10}"}
{"time": "2026-09-29 17:50:54", "level": "INFO", "logger": "__main__", "message": "Annotated video: ..\\outputs\\school_g330\\annotated.mp4"}
{"time": "2026-09-29 17:50:54", "level": "INFO", "logger": "__main__", "message": "Event log (JSON): ..\\outputs\\school_g330\\events.json"}
{"time": "2026-09-29 17:50:54", "level": "INFO", "logger": "__main__", "message": "Event log (CSV): ..\\outputs\\school_g330\\events.csv"}
{"time": "2026-09-29 17:50:54", "level": "INFO", "logger": "__main__", "message": "Run manifest: ..\\outputs\\school_g330\\run_manifest.json"}
{"time": "2026-09-29 17:50:54", "level": "INFO", "logger": "__main__", "message": "============================================================"}
{"time": "2026-09-29 18:10:23", "level": "INFO", "logger": "__main__", "message": "============================================================"}
{"time": "2026-09-29 18:10:23", "level": "INFO", "logger": "__main__", "message": "Video Surveillance Pipeline starting"}
{"time": "2026-09-29 18:10:23", "level": "INFO", "logger": "__main__", "message": "Video: ..\\data\\clips\\school_g330.mp4 | Zones: ..\\data\\zones\\school_g330.zones.json | Output: ..\\outputs\\school_g330"}
{"time": "2026-09-29 18:10:23", "level": "INFO", "logger": "__main__", "message": "Device: cpu"}
{"time": "2026-09-29 18:10:23", "level": "INFO", "logger": "__main__", "message": "============================================================"}
{"time": "2026-09-29 18:10:23", "level": "INFO", "logger": "utils.video_io", "message": "Opened school_g330.mp4: 480x360 @ 30.00 fps (~2254 frames)"}
{"time": "2026-09-29 18:10:23", "level": "INFO", "logger": "detectors.yolo_detector", "message": "Loading yolov8n.pt on cpu (half=False)"}
{"time": "2026-09-29 18:10:30", "level": "INFO", "logger": "deep_sort_realtime.embedder.embedder_pytorch", "message": "MobileNetV2 Embedder for Deep Sort initialised"}
{"time": "2026-09-29 18:10:30", "level": "INFO", "logger": "deep_sort_realtime.embedder.embedder_pytorch", "message": "- gpu enabled: False"}
{"time": "2026-09-29 18:10:30", "level": "INFO", "logger": "deep_sort_realtime.embedder.embedder_pytorch", "message": "- half precision: False"}
{"time": "2026-09-29 18:10:30", "level": "INFO", "logger": "deep_sort_realtime.embedder.embedder_pytorch", "message": "- max batch size: 16"}
{"time": "2026-09-29 18:10:30", "level": "INFO", "logger": "deep_sort_realtime.embedder.embedder_pytorch", "message": "- expects BGR: True"}
{"time": "2026-09-29 18:10:31", "level": "INFO", "logger": "deep_sort_realtime.deepsort_tracker", "message": "DeepSort Tracker initialised"}
{"time": "2026-09-29 18:10:31", "level": "INFO", "logger": "deep_sort_realtime.deepsort_tracker", "message": "- max age: 90"}
{"time": "2026-09-29 18:10:31", "level": "INFO", "logger": "deep_sort_realtime.deepsort_tracker", "message": "- appearance threshold: 0.3"}
{"time": "2026-09-29 18:10:31", "level": "INFO", "logger": "deep_sort_realtime.deepsort_tracker", "message": "- nms threshold: 0.7"}
{"time": "2026-09-29 18:10:31", "level": "INFO", "logger": "deep_sort_realtime.deepsort_tracker", "message": "- max num of appearance features: 100"}
{"time": "2026-09-29 18:10:31", "level": "INFO", "logger": "deep_sort_realtime.deepsort_tracker", "message": "- overriding track class : No"}
{"time": "2026-09-29 18:10:31", "level": "INFO", "logger": "deep_sort_realtime.deepsort_tracker", "message": "- today given : No"}
{"time": "2026-09-29 18:10:31", "level": "INFO", "logger": "deep_sort_realtime.deepsort_tracker", "message": "- in-build embedder : Yes"}
{"time": "2026-09-29 18:10:31", "level": "INFO", "logger": "deep_sort_realtime.deepsort_tracker", "message": "- polygon detections : No"}
{"time": "2026-09-29 18:10:31", "level": "INFO", "logger": "trackers.deepsort_tracker", "message": "DeepSORT ready (embedder=mobilenet, gpu=False, {'max_age': 90, 'n_init': 3, 'max_cosine_distance': 0.3, 'nn_budget': 100, 'nms_max_overlap': 0.7})"}
{"time": "2026-09-29 18:10:31", "level": "INFO", "logger": "events.zones", "message": "Loaded 2 zone(s) from ..\\data\\zones\\school_g330.zones.json (normalized coordinates)"}
{"time": "2026-09-29 18:10:31", "level": "INFO", "logger": "__main__", "message": "Detector: yolov8 (weights=yolov8n.pt, conf=0.35)"}
{"time": "2026-09-29 18:10:31", "level": "INFO", "logger": "__main__", "message": "Tracker: deepsort"}
{"time": "2026-09-29 18:10:31", "level": "INFO", "logger": "__main__", "message": "Zones: Registration Desk[registration_desk], Seating Area[seating_area]"}
{"time": "2026-09-29 18:11:00", "level": "WARNING", "logger": "events.observers", "message": "ALERT zone_intrusion zone=registration_desk track=4 frame=44 t=00:00:01.467 conf=0.39"}
{"time": "2026-09-29 18:11:19", "level": "WARNING", "logger": "events.observers", "message": "ALERT zone_intrusion zone=registration_desk track=8 frame=81 t=00:00:02.700 conf=0.53"}
{"time": "2026-09-29 18:12:04", "level": "INFO", "logger": "pipeline.pipeline", "message": "Processed 200 frames (2.1 fps, 2 events so far)"}
{"time": "2026-09-29 18:12:56", "level": "WARNING", "logger": "events.observers", "message": "ALERT loitering      zone=seating_area track=7 frame=341 t=00:00:11.367 conf=0.42"}
{"time": "2026-09-29 18:12:58", "level": "WARNING", "logger": "events.observers", "message": "ALERT zone_intrusion zone=registration_desk track=4 frame=346 t=00:00:11.533 conf=0.42"}
{"time": "2026-09-29 18:13:24", "level": "WARNING", "logger": "events.observers", "message": "ALERT loitering      zone=seating_area track=8 frame=396 t=00:00:13.200 conf=0.49"}
{"time": "2026-09-29 18:13:26", "level": "INFO", "logger": "pipeline.pipeline", "message": "Processed 400 frames (2.3 fps, 5 events so far)"}
{"time": "2026-09-29 18:14:44", "level": "INFO", "logger": "pipeline.pipeline", "message": "Processed 600 frames (2.4 fps, 5 events so far)"}
{"time": "2026-09-29 18:15:05", "level": "WARNING", "logger": "events.observers", "message": "ALERT loitering      zone=seating_area track=31 frame=674 t=00:00:22.467 conf=0.47"}
{"time": "2026-09-29 18:15:29", "level": "WARNING", "logger": "events.observers", "message": "ALERT loitering      zone=seating_area track=16 frame=744 t=00:00:24.800 conf=0.47"}
{"time": "2026-09-29 18:15:31", "level": "WARNING", "logger": "events.observers", "message": "ALERT zone_intrusion zone=registration_desk track=36 frame=750 t=00:00:25.000 conf=0.56"}
{"time": "2026-09-29 18:15:42", "level": "WARNING", "logger": "events.observers", "message": "ALERT loitering      zone=seating_area track=30 frame=775 t=00:00:25.833 conf=0.44"}
{"time": "2026-09-29 18:15:53", "level": "INFO", "logger": "pipeline.pipeline", "message": "Processed 800 frames (2.5 fps, 9 events so far)"}
{"time": "2026-09-29 18:16:34", "level": "WARNING", "logger": "events.observers", "message": "ALERT zone_intrusion zone=registration_desk track=43 frame=907 t=00:00:30.233 conf=0.43"}
{"time": "2026-09-29 18:17:13", "level": "INFO", "logger": "pipeline.pipeline", "message": "Processed 1000 frames (2.5 fps, 10 events so far)"}
{"time": "2026-09-29 18:18:10", "level": "INFO", "logger": "pipeline.pipeline", "message": "Processed 1200 frames (2.6 fps, 10 events so far)"}
{"time": "2026-09-29 18:18:25", "level": "WARNING", "logger": "events.observers", "message": "ALERT loitering      zone=seating_area track=46 frame=1239 t=00:00:41.300 conf=0.37"}
{"time": "2026-09-29 18:18:28", "level": "WARNING", "logger": "events.observers", "message": "ALERT loitering      zone=seating_area track=16 frame=1245 t=00:00:41.500 conf=0.52"}
{"time": "2026-09-29 18:18:49", "level": "WARNING", "logger": "events.observers", "message": "ALERT loitering      zone=seating_area track=60 frame=1285 t=00:00:42.833 conf=0.41"}
{"time": "2026-09-29 18:51:12", "level": "INFO", "logger": "pipeline.pipeline", "message": "Processed 1400 frames (0.6 fps, 13 events so far)"}
{"time": "2026-09-29 18:51:44", "level": "WARNING", "logger": "events.observers", "message": "ALERT zone_intrusion zone=registration_desk track=59 frame=1458 t=00:00:48.600 conf=0.42"}
{"time": "2026-09-29 18:52:09", "level": "WARNING", "logger": "events.observers", "message": "ALERT zone_intrusion zone=registration_desk track=65 frame=1498 t=00:00:49.933 conf=0.50"}
{"time": "2026-09-29 18:52:36", "level": "INFO", "logger": "pipeline.pipeline", "message": "Processed 1600 frames (0.6 fps, 15 events so far)"}
{"time": "2026-09-29 18:53:00", "level": "WARNING", "logger": "events.observers", "message": "ALERT loitering      zone=seating_area track=65 frame=1669 t=00:00:55.633 conf=0.43"}
{"time": "2026-09-29 18:53:46", "level": "WARNING", "logger": "events.observers", "message": "ALERT loitering      zone=seating_area track=80 frame=1768 t=00:00:58.933 conf=0.37"}
{"time": "2026-09-29 18:54:05", "level": "INFO", "logger": "pipeline.pipeline", "message": "Processed 1800 frames (0.7 fps, 17 events so far)"}
{"time": "2026-09-29 18:54:08", "level": "INFO", "logger": "utils.video_io", "message": "Wrote 1805 frames to ..\\outputs\\school_g330\\annotated.mp4 (codec=mp4v)"}
{"time": "2026-09-29 18:54:08", "level": "INFO", "logger": "utils.video_io", "message": "school_g330.mp4: read=1806 skipped=0 dropped=0"}
{"time": "2026-09-29 18:54:08", "level": "WARNING", "logger": "__main__", "message": "Interrupted by user; partial results (if any) were already flushed to disk."}
{"time": "2026-09-29 18:54:30", "level": "INFO", "logger": "__main__", "message": "============================================================"}
{"time": "2026-09-29 18:54:30", "level": "INFO", "logger": "__main__", "message": "Video Surveillance Pipeline starting"}
{"time": "2026-09-29 18:54:30", "level": "INFO", "logger": "__main__", "message": "Video: ..\\data\\clips\\school_g330.mp4 | Zones: ..\\data\\zones\\school_g330.zones.json | Output: ..\\outputs\\school_g330"}
{"time": "2026-09-29 18:54:30", "level": "INFO", "logger": "__main__", "message": "Device: cpu"}
{"time": "2026-09-29 18:54:30", "level": "INFO", "logger": "__main__", "message": "============================================================"}
{"time": "2026-09-29 18:54:31", "level": "INFO", "logger": "utils.video_io", "message": "Opened school_g330.mp4: 480x360 @ 30.00 fps (~2254 frames)"}
{"time": "2026-09-29 18:54:31", "level": "INFO", "logger": "detectors.yolo_detector", "message": "Loading yolov8n.pt on cpu (half=False)"}
{"time": "2026-09-29 18:54:39", "level": "INFO", "logger": "deep_sort_realtime.embedder.embedder_pytorch", "message": "MobileNetV2 Embedder for Deep Sort initialised"}
{"time": "2026-09-29 18:54:39", "level": "INFO", "logger": "deep_sort_realtime.embedder.embedder_pytorch", "message": "- gpu enabled: False"}
{"time": "2026-09-29 18:54:39", "level": "INFO", "logger": "deep_sort_realtime.embedder.embedder_pytorch", "message": "- half precision: False"}
{"time": "2026-09-29 18:54:39", "level": "INFO", "logger": "deep_sort_realtime.embedder.embedder_pytorch", "message": "- max batch size: 16"}
{"time": "2026-09-29 18:54:39", "level": "INFO", "logger": "deep_sort_realtime.embedder.embedder_pytorch", "message": "- expects BGR: True"}
{"time": "2026-09-29 18:54:39", "level": "INFO", "logger": "deep_sort_realtime.deepsort_tracker", "message": "DeepSort Tracker initialised"}
{"time": "2026-09-29 18:54:39", "level": "INFO", "logger": "deep_sort_realtime.deepsort_tracker", "message": "- max age: 90"}
{"time": "2026-09-29 18:54:39", "level": "INFO", "logger": "deep_sort_realtime.deepsort_tracker", "message": "- appearance threshold: 0.3"}
{"time": "2026-09-29 18:54:39", "level": "INFO", "logger": "deep_sort_realtime.deepsort_tracker", "message": "- nms threshold: 0.7"}
{"time": "2026-09-29 18:54:39", "level": "INFO", "logger": "deep_sort_realtime.deepsort_tracker", "message": "- max num of appearance features: 100"}
{"time": "2026-09-29 18:54:39", "level": "INFO", "logger": "deep_sort_realtime.deepsort_tracker", "message": "- overriding track class : No"}
{"time": "2026-09-29 18:54:39", "level": "INFO", "logger": "deep_sort_realtime.deepsort_tracker", "message": "- today given : No"}
{"time": "2026-09-29 18:54:39", "level": "INFO", "logger": "deep_sort_realtime.deepsort_tracker", "message": "- in-build embedder : Yes"}
{"time": "2026-09-29 18:54:39", "level": "INFO", "logger": "deep_sort_realtime.deepsort_tracker", "message": "- polygon detections : No"}
{"time": "2026-09-29 18:54:39", "level": "INFO", "logger": "trackers.deepsort_tracker", "message": "DeepSORT ready (embedder=mobilenet, gpu=False, {'max_age': 90, 'n_init': 3, 'max_cosine_distance': 0.3, 'nn_budget': 100, 'nms_max_overlap': 0.7})"}
{"time": "2026-09-29 18:54:39", "level": "INFO", "logger": "events.zones", "message": "Loaded 2 zone(s) from ..\\data\\zones\\school_g330.zones.json (normalized coordinates)"}
{"time": "2026-09-29 18:54:39", "level": "INFO", "logger": "__main__", "message": "Detector: yolov8 (weights=yolov8n.pt, conf=0.35)"}
{"time": "2026-09-29 18:54:39", "level": "INFO", "logger": "__main__", "message": "Tracker: deepsort"}
{"time": "2026-09-29 18:54:39", "level": "INFO", "logger": "__main__", "message": "Zones: Registration Desk[registration_desk], Seating Area[seating_area]"}
{"time": "2026-09-29 18:55:11", "level": "WARNING", "logger": "events.observers", "message": "ALERT zone_intrusion zone=registration_desk track=4 frame=44 t=00:00:01.467 conf=0.39"}
{"time": "2026-09-29 18:55:33", "level": "WARNING", "logger": "events.observers", "message": "ALERT zone_intrusion zone=registration_desk track=8 frame=81 t=00:00:02.700 conf=0.53"}
{"time": "2026-09-29 18:56:21", "level": "INFO", "logger": "pipeline.pipeline", "message": "Processed 200 frames (2.0 fps, 2 events so far)"}
{"time": "2026-09-29 18:57:42", "level": "INFO", "logger": "pipeline.pipeline", "message": "Processed 400 frames (2.2 fps, 2 events so far)"}
{"time": "2026-09-29 18:58:07", "level": "WARNING", "logger": "events.observers", "message": "ALERT loitering      zone=seating_area track=7 frame=461 t=00:00:15.367 conf=0.42"}
{"time": "2026-09-29 18:58:21", "level": "WARNING", "logger": "events.observers", "message": "ALERT loitering      zone=seating_area track=8 frame=495 t=00:00:16.500 conf=0.44"}
{"time": "2026-09-29 18:59:12", "level": "INFO", "logger": "pipeline.pipeline", "message": "Processed 600 frames (2.2 fps, 4 events so far)"}
{"time": "2026-09-29 19:00:05", "level": "WARNING", "logger": "events.observers", "message": "ALERT zone_intrusion zone=registration_desk track=36 frame=750 t=00:00:25.000 conf=0.56"}
{"time": "2026-09-29 19:00:25", "level": "WARNING", "logger": "events.observers", "message": "ALERT loitering      zone=seating_area track=31 frame=794 t=00:00:26.467 conf=0.48"}
{"time": "2026-09-29 19:00:27", "level": "INFO", "logger": "pipeline.pipeline", "message": "Processed 800 frames (2.3 fps, 6 events so far)"}
{"time": "2026-09-29 19:00:49", "level": "WARNING", "logger": "events.observers", "message": "ALERT loitering      zone=seating_area track=16 frame=864 t=00:00:28.800 conf=0.46"}
{"time": "2026-09-29 19:01:04", "level": "WARNING", "logger": "events.observers", "message": "ALERT loitering      zone=seating_area track=30 frame=895 t=00:00:29.833 conf=0.47"}
{"time": "2026-09-29 19:01:11", "level": "WARNING", "logger": "events.observers", "message": "ALERT zone_intrusion zone=registration_desk track=43 frame=907 t=00:00:30.233 conf=0.43"}
{"time": "2026-09-29 19:02:00", "level": "INFO", "logger": "pipeline.pipeline", "message": "Processed 1000 frames (2.3 fps, 9 events so far)"}
{"time": "2026-09-29 19:02:57", "level": "INFO", "logger": "pipeline.pipeline", "message": "Processed 1200 frames (2.4 fps, 9 events so far)"}
{"time": "2026-09-29 19:04:23", "level": "WARNING", "logger": "events.observers", "message": "ALERT loitering      zone=seating_area track=46 frame=1370 t=00:00:45.667 conf=0.40"}
{"time": "2026-09-29 19:04:36", "level": "INFO", "logger": "pipeline.pipeline", "message": "Processed 1400 frames (2.3 fps, 10 events so far)"}
{"time": "2026-09-29 19:05:03", "level": "WARNING", "logger": "events.observers", "message": "ALERT zone_intrusion zone=registration_desk track=59 frame=1458 t=00:00:48.600 conf=0.42"}
{"time": "2026-09-29 19:05:18", "level": "WARNING", "logger": "events.observers", "message": "ALERT zone_intrusion zone=registration_desk track=65 frame=1498 t=00:00:49.933 conf=0.50"}
{"time": "2026-09-29 19:05:41", "level": "INFO", "logger": "pipeline.pipeline", "message": "Processed 1600 frames (2.4 fps, 12 events so far)"}
{"time": "2026-09-29 19:06:44", "level": "INFO", "logger": "pipeline.pipeline", "message": "Processed 1800 frames (2.5 fps, 12 events so far)"}
{"time": "2026-09-29 19:07:56", "level": "INFO", "logger": "pipeline.pipeline", "message": "Processed 2000 frames (2.5 fps, 12 events so far)"}
{"time": "2026-09-29 19:08:13", "level": "WARNING", "logger": "events.observers", "message": "ALERT zone_intrusion zone=registration_desk track=87 frame=2063 t=00:01:08.767 conf=0.49"}
{"time": "2026-09-29 19:08:51", "level": "INFO", "logger": "pipeline.pipeline", "message": "Processed 2200 frames (2.6 fps, 13 events so far)"}
{"time": "2026-09-29 19:08:59", "level": "WARNING", "logger": "events.observers", "message": "ALERT zone_intrusion zone=registration_desk track=88 frame=2234 t=00:01:14.467 conf=0.44"}
{"time": "2026-09-29 19:16:46", "level": "INFO", "logger": "utils.video_io", "message": "Stopping after 30 consecutive failed reads (likely end of stream, at frame 2283)"}
{"time": "2026-09-29 19:16:47", "level": "INFO", "logger": "utils.video_io", "message": "Wrote 2254 frames to ..\\outputs\\school_g330\\annotated.mp4 (codec=mp4v)"}
{"time": "2026-09-29 19:16:47", "level": "INFO", "logger": "utils.video_io", "message": "school_g330.mp4: read=2254 skipped=0 dropped=30"}
{"time": "2026-09-29 19:16:47", "level": "INFO", "logger": "__main__", "message": "============================================================"}
{"time": "2026-09-29 19:16:47", "level": "INFO", "logger": "__main__", "message": "Run complete: 2254 frames in 1327.5s (1.7 fps avg)"}
{"time": "2026-09-29 19:16:47", "level": "INFO", "logger": "__main__", "message": "Events: 14 total {'zone_intrusion': 8, 'loitering': 6}"}
{"time": "2026-09-29 19:16:47", "level": "INFO", "logger": "__main__", "message": "Annotated video: ..\\outputs\\school_g330\\annotated.mp4"}
{"time": "2026-09-29 19:16:47", "level": "INFO", "logger": "__main__", "message": "Event log (JSON): ..\\outputs\\school_g330\\events.json"}
{"time": "2026-09-29 19:16:47", "level": "INFO", "logger": "__main__", "message": "Event log (CSV): ..\\outputs\\school_g330\\events.csv"}
{"time": "2026-09-29 19:16:47", "level": "INFO", "logger": "__main__", "message": "Run manifest: ..\\outputs\\school_g330\\run_manifest.json"}
{"time": "2026-09-29 19:16:48", "level": "INFO", "logger": "__main__", "message": "============================================================"}
